TAP version 13
# Subtest: Bezier sweep makes a capped outward tube and converges to analytic cylinder volume
ok 1 - Bezier sweep makes a capped outward tube and converges to analytic cylinder volume
  ---
  duration_ms: 87.0488
  type: 'test'
  ...
# Subtest: tapered curved sweep preserves source, transforms, stable frames, and export precision
ok 2 - tapered curved sweep preserves source, transforms, stable frames, and export precision
  ---
  duration_ms: 477.87
  type: 'test'
  ...
# Subtest: elliptical loft has analytic volume, supports poles and rounded-square cross-sections
ok 3 - elliptical loft has analytic volume, supports poles and rounded-square cross-sections
  ---
  duration_ms: 21.4666
  type: 'test'
  ...
# Subtest: joined Bezier spans make one shell with no interior caps and bounded tessellation
ok 4 - joined Bezier spans make one shell with no interior caps and bounded tessellation
  ---
  duration_ms: 55.3003
  type: 'test'
  ...
# Subtest: malformed curves and over-budget tessellation fail atomically, including imported sources
ok 5 - malformed curves and over-budget tessellation fail atomically, including imported sources
  ---
  duration_ms: 5.8332
  type: 'test'
  ...
# Subtest: explicit smooth GLB shading shares unit normals across triangle corners without changing geometry
ok 6 - explicit smooth GLB shading shares unit normals across triangle corners without changing geometry
  ---
  duration_ms: 26.5594
  type: 'test'
  ...
# Subtest: 3D document data persists, old schemas migrate and failed batches leave both spaces untouched
ok 7 - 3D document data persists, old schemas migrate and failed batches leave both spaces untouched
  ---
  duration_ms: 12.5705
  type: 'test'
  ...
# Subtest: drawing extrusion snapshots exact cell artwork with explicit physical scale
ok 8 - drawing extrusion snapshots exact cell artwork with explicit physical scale
  ---
  duration_ms: 14.2664
  type: 'test'
  ...
# Subtest: MCP geometry supports rehearsal, rollback, undo/redo, reopen and bounded export paths
ok 9 - MCP geometry supports rehearsal, rollback, undo/redo, reopen and bounded export paths
  ---
  duration_ms: 93.8032
  type: 'test'
  ...
# TurtlePen: geometry3d needs --out with an extension matching --format
# Subtest: CLI recipes and saved TPF use the same deterministic geometry pipeline
ok 10 - CLI recipes and saved TPF use the same deterministic geometry pipeline
  ---
  duration_ms: 866.962
  type: 'test'
  ...
# Subtest: curved authoring reaches MCP rehearsal, persistence, recovery and CLI recipes
ok 11 - curved authoring reaches MCP rehearsal, persistence, recovery and CLI recipes
  ---
  duration_ms: 614.2414
  type: 'test'
  ...
1..11
# tests 11
# suites 0
# pass 11
# fail 0
# cancelled 0
# skipped 0
# todo 0
# duration_ms 1823.6617
